\BOOKMARK [-1][-]{part.1}{\376\377\000I\000\040\000T\000r\000a\000d\000e\000\040\000e\000c\000o\000n\000o\000m\000i\000c\000s\000\040\000f\000o\000u\000n\000d\000a\000t\000i\000o\000n\000s}{}% 1
\BOOKMARK [0][-]{chapter.1}{\376\377\000T\000h\000e\000\040\000g\000r\000a\000v\000i\000t\000y\000\040\000e\000q\000u\000a\000t\000i\000o\000n\000\040\000a\000n\000d\000\040\000w\000h\000a\000t\000\040\000i\000t\000\040\000i\000s\000\040\000t\000e\000l\000l\000i\000n\000g\000\040\000u\000s}{part.1}% 2
\BOOKMARK [1][-]{section.1.1}{\376\377\000A\000n\000\040\000e\000m\000p\000i\000r\000i\000c\000a\000l\000\040\000r\000e\000g\000u\000l\000a\000r\000i\000t\000y\000\040\000i\000n\000\040\000s\000e\000a\000r\000c\000h\000\040\000o\000f\000\040\000a\000\040\000m\000o\000d\000e\000l}{chapter.1}% 3
\BOOKMARK [1][-]{section.1.2}{\376\377\000T\000h\000e\000\040\000s\000h\000a\000p\000e\000\040\000o\000f\000\040\000t\000h\000e\000\040\000r\000e\000l\000a\000t\000i\000o\000n\000s\000h\000i\000p\000\040\000i\000n\000\040\000n\000u\000m\000b\000e\000r\000s}{chapter.1}% 4
\BOOKMARK [1][-]{section.1.3}{\376\377\000W\000h\000a\000t\000\040\000t\000h\000e\000\040\000g\000r\000a\000v\000i\000t\000y\000\040\000e\000q\000u\000a\000t\000i\000o\000n\000\040\000d\000o\000e\000s\000\040\000n\000o\000t\000\040\000y\000e\000t\000\040\000e\000x\000p\000l\000a\000i\000n}{chapter.1}% 5
\BOOKMARK [1][-]{section.1.4}{\376\377\000R\000o\000a\000d\000m\000a\000p}{chapter.1}% 6
\BOOKMARK [0][-]{chapter.2}{\376\377\000W\000h\000y\000\040\000C\000E\000S\000\040\000p\000r\000e\000f\000e\000r\000e\000n\000c\000e\000s\000\040\000w\000i\000n\000\040\000a\000s\000\040\000t\000h\000e\000\040\000w\000o\000r\000k\000h\000o\000r\000s\000e}{part.1}% 7
\BOOKMARK [1][-]{section.2.1}{\376\377\000D\000i\000f\000f\000e\000r\000e\000n\000t\000i\000a\000t\000e\000d\000\040\000v\000a\000r\000i\000e\000t\000i\000e\000s\000\040\000a\000n\000d\000\040\000t\000h\000e\000\040\000l\000o\000v\000e\000-\000o\000f\000-\000v\000a\000r\000i\000e\000t\000y\000\040\000m\000o\000t\000i\000v\000e}{chapter.2}% 8
\BOOKMARK [1][-]{section.2.2}{\376\377\000T\000h\000e\000\040\000d\000e\000m\000a\000n\000d\000\040\000f\000u\000n\000c\000t\000i\000o\000n}{chapter.2}% 9
\BOOKMARK [1][-]{section.2.3}{\376\377\000T\000h\000e\000\040\000t\000r\000a\000d\000e\000-\000f\000l\000o\000w\000\040\000e\000x\000p\000r\000e\000s\000s\000i\000o\000n}{chapter.2}% 10
\BOOKMARK [1][-]{section.2.4}{\376\377\000T\000h\000e\000\040\000i\000c\000e\000b\000e\000r\000g\000-\000c\000o\000s\000t\000\040\000p\000a\000r\000a\000m\000e\000t\000r\000i\000z\000a\000t\000i\000o\000n}{chapter.2}% 11
\BOOKMARK [0][-]{chapter.3}{\376\377\000A\000n\000d\000e\000r\000s\000o\000n\040\023\000v\000a\000n\000\040\000W\000i\000n\000c\000o\000o\000p\000\040\000a\000n\000d\000\040\000t\000h\000e\000\040\000m\000u\000l\000t\000i\000l\000a\000t\000e\000r\000a\000l\000-\000r\000e\000s\000i\000s\000t\000a\000n\000c\000e\000\040\000s\000y\000s\000t\000e\000m}{part.1}% 12
\BOOKMARK [1][-]{section.3.1}{\376\377\000T\000h\000e\000\040\000h\000i\000d\000d\000e\000n\000\040\000g\000e\000n\000e\000r\000a\000l\000-\000e\000q\000u\000i\000l\000i\000b\000r\000i\000u\000m\000\040\000s\000t\000r\000u\000c\000t\000u\000r\000e}{chapter.3}% 13
\BOOKMARK [1][-]{section.3.2}{\376\377\000T\000h\000e\000\040\000A\000v\000W\000\040\000d\000e\000r\000i\000v\000a\000t\000i\000o\000n\000\040\000i\000n\000\040\000f\000u\000l\000l}{chapter.3}% 14
\BOOKMARK [1][-]{section.3.3}{\376\377\000S\000o\000l\000v\000i\000n\000g\000\040\000t\000h\000e\000\040\000b\000o\000r\000d\000e\000r\000\040\000p\000u\000z\000z\000l\000e}{chapter.3}% 15
\BOOKMARK [-1][-]{part.2}{\376\377\000I\000I\000\040\000T\000h\000e\000\040\000s\000t\000r\000u\000c\000t\000u\000r\000a\000l\000\040\000C\000E\000S\000\040\000g\000r\000a\000v\000i\000t\000y\000\040\000m\000o\000d\000e\000l}{}% 16
\BOOKMARK [0][-]{chapter.4}{\376\377\000D\000e\000r\000i\000v\000i\000n\000g\000\040\000t\000h\000e\000\040\000r\000e\000d\000u\000c\000e\000d\000\040\000f\000o\000r\000m\000,\000\040\000d\000i\000s\000t\000a\000n\000c\000e\000\040\000t\000e\000r\000m\000\040\000i\000n\000\040\000f\000o\000c\000u\000s}{part.2}% 17
\BOOKMARK [1][-]{section.4.1}{\376\377\000T\000h\000e\000\040\000t\000r\000a\000d\000e\000-\000c\000o\000s\000t\000\040\000c\000o\000m\000p\000o\000n\000e\000n\000t\000\040\000o\000f\000\040\000g\000r\000a\000v\000i\000t\000y}{chapter.4}% 18
\BOOKMARK [1][-]{section.4.2}{\376\377\000W\000h\000y\000\040\000f\000i\000x\000e\000d\000\040\000e\000f\000f\000e\000c\000t\000s\000\040\000w\000o\000r\000k}{chapter.4}% 19
\BOOKMARK [1][-]{section.4.3}{\376\377\000T\000h\000e\000\040\000r\000e\000d\000u\000c\000e\000d\000-\000f\000o\000r\000m\000\040\000s\000l\000o\000p\000e\000\040\000v\000e\000r\000s\000u\000s\000\040\000t\000h\000e\000\040\000s\000t\000r\000u\000c\000t\000u\000r\000a\000l\000\040}{chapter.4}% 20
\BOOKMARK [-1][-]{part.3}{\376\377\000I\000I\000I\000\040\000I\000n\000t\000e\000r\000n\000a\000l\000\040\000d\000i\000s\000t\000a\000n\000c\000e\000\040\000a\000n\000d\000\040\000t\000h\000e\000\040\000H\000e\000a\000d\040\023\000M\000a\000y\000e\000r\000\040\000c\000o\000n\000s\000t\000r\000u\000c\000t\000i\000o\000n}{}% 21
\BOOKMARK [0][-]{chapter.5}{\376\377\000W\000h\000y\000\040\000i\000n\000t\000r\000a\000-\000n\000a\000t\000i\000o\000n\000a\000l\000\040\000d\000i\000s\000t\000a\000n\000c\000e\000\040\000m\000a\000t\000t\000e\000r\000s\000\040\000i\000n\000\040\000g\000r\000a\000v\000i\000t\000y}{part.3}% 22
\BOOKMARK [1][-]{section.5.1}{\376\377\000W\000e\000i\000'\000s\000\040\000\050\0001\0009\0009\0006\000\051\000\040\000i\000n\000t\000r\000a\000-\000n\000a\000t\000i\000o\000n\000a\000l\000\040\000f\000l\000o\000w\000\040\000p\000r\000o\000x\000y}{chapter.5}% 23
\BOOKMARK [1][-]{section.5.2}{\376\377\000T\000h\000e\000\040\000i\000n\000t\000r\000a\000-\000n\000a\000t\000i\000o\000n\000a\000l\000\040\000d\000i\000s\000t\000a\000n\000c\000e\000\040\000a\000m\000b\000i\000g\000u\000i\000t\000y}{chapter.5}% 24
\BOOKMARK [0][-]{chapter.6}{\376\377\000T\000h\000e\000\040\000H\000e\000a\000d\040\023\000M\000a\000y\000e\000r\000\040\000\050\0002\0000\0000\0002\000\051\000\040\000c\000l\000o\000s\000e\000d\000\040\000f\000o\000r\000m\000,\000\040\000d\000e\000r\000i\000v\000e\000d\000\040\000f\000r\000o\000m\000\040\000f\000i\000r\000s\000t\000\040\000p\000r\000i\000n\000c\000i\000p\000l\000e\000s}{part.3}% 25
\BOOKMARK [1][-]{section.6.1}{\376\377\000S\000e\000t\000u\000p\000:\000\040\000s\000t\000y\000l\000i\000z\000e\000d\000\040\000c\000o\000u\000n\000t\000r\000y\000\040\000g\000e\000o\000m\000e\000t\000r\000y}{chapter.6}% 26
\BOOKMARK [1][-]{section.6.2}{\376\377\000E\000v\000a\000l\000u\000a\000t\000i\000n\000g\000\040\000t\000h\000e\000\040\000i\000n\000t\000e\000g\000r\000a\000l}{chapter.6}% 27
\BOOKMARK [1][-]{section.6.3}{\376\377\000E\000v\000a\000l\000u\000a\000t\000i\000n\000g\000\040\000a\000t\000\040\000s\000t\000a\000n\000d\000a\000r\000d\000\040\000\040\000v\000a\000l\000u\000e\000s}{chapter.6}% 28
\BOOKMARK [0][-]{chapter.7}{\376\377\000C\000E\000P\000I\000I\000'\000s\000\040\000a\000d\000o\000p\000t\000i\000o\000n\000\040\000a\000n\000d\000\040\000t\000h\000e\000\040\000c\000o\000n\000v\000e\000n\000t\000i\000o\000n\000a\000l\000\040\000p\000r\000a\000g\000m\000a\000t\000i\000c\000\040\000c\000h\000o\000i\000c\000e}{part.3}% 29
\BOOKMARK [1][-]{section.7.1}{\376\377\000T\000h\000e\000\040\000M\000a\000y\000e\000r\040\023\000Z\000i\000g\000n\000a\000g\000o\000\040\000\050\0002\0000\0000\0005\000,\000\040\0002\0000\0001\0001\000\051\000\040\000d\000o\000c\000u\000m\000e\000n\000t\000a\000t\000i\000o\000n}{chapter.7}% 30
\BOOKMARK [1][-]{section.7.2}{\376\377\000W\000h\000y\000\040\000C\000E\000P\000I\000I\000'\000s\000\040\000p\000r\000a\000g\000m\000a\000t\000i\000c\000\040\000c\000h\000o\000i\000c\000e\000\040\000h\000a\000s\000\040\000b\000e\000e\000n\000\040\000h\000a\000r\000d\000\040\000t\000o\000\040\000d\000i\000s\000l\000o\000d\000g\000e}{chapter.7}% 31
\BOOKMARK [-1][-]{part.4}{\376\377\000I\000V\000\040\000G\000e\000n\000e\000r\000a\000l\000i\000z\000e\000d\000\040\000m\000e\000a\000n\000s\000\040\000a\000n\000d\000\040\000t\000h\000e\000\040\000d\000i\000v\000e\000r\000g\000e\000n\000c\000e}{}% 32
\BOOKMARK [0][-]{chapter.8}{\376\377\000G\000e\000n\000e\000r\000a\000l\000i\000z\000e\000d\000\040\000\050\000H\000\366\000l\000d\000e\000r\000\051\000\040\000m\000e\000a\000n\000s\000\040\000i\000n\000\040\000o\000n\000e\000\040\000c\000h\000a\000p\000t\000e\000r}{part.4}% 33
\BOOKMARK [1][-]{section.8.1}{\376\377\000D\000e\000f\000i\000n\000i\000t\000i\000o\000n\000s}{chapter.8}% 34
\BOOKMARK [1][-]{section.8.2}{\376\377\000S\000p\000e\000c\000i\000a\000l\000\040\000c\000a\000s\000e\000s}{chapter.8}% 35
\BOOKMARK [1][-]{section.8.3}{\376\377\000W\000h\000a\000t\000\040\000t\000h\000i\000s\000\040\000m\000e\000a\000n\000s\000\040\000f\000o\000r\000\040\000t\000h\000e\000\040\000t\000r\000a\000d\000e\000-\000c\000o\000s\000t\000\040\000i\000n\000t\000e\000g\000r\000a\000l}{chapter.8}% 36
\BOOKMARK [0][-]{chapter.9}{\376\377\000T\000h\000e\000\040\0002\000D\000\040\000i\000n\000t\000e\000g\000r\000a\000l\000\040\000d\000i\000v\000e\000r\000g\000e\000n\000c\000e}{part.4}% 37
\BOOKMARK [1][-]{section.9.1}{\376\377\000T\000h\000e\000\040\000p\000a\000i\000r\000w\000i\000s\000e\000-\000d\000i\000s\000t\000a\000n\000c\000e\000\040\000d\000i\000s\000t\000r\000i\000b\000u\000t\000i\000o\000n\000\040\000o\000n\000\040\000a\000\040\0002\000D\000\040\000r\000e\000g\000i\000o\000n}{chapter.9}% 38
\BOOKMARK [1][-]{section.9.2}{\376\377\000W\000h\000e\000n\000\040\000d\000o\000e\000s\000\040\000t\000h\000e\000\040\000i\000n\000t\000e\000g\000r\000a\000l\000\040\000E\000[\000D\000]\000\040\000c\000o\000n\000v\000e\000r\000g\000e\000?}{chapter.9}% 39
\BOOKMARK [1][-]{section.9.3}{\376\377\000I\000m\000p\000l\000i\000c\000a\000t\000i\000o\000n\000s\000\040\000f\000o\000r\000\040\000C\000E\000S\000\040\000g\000r\000a\000v\000i\000t\000y}{chapter.9}% 40
\BOOKMARK [1][-]{section.9.4}{\376\377\000R\000e\000g\000u\000l\000a\000r\000i\000z\000a\000t\000i\000o\000n\000\040\000c\000h\000o\000i\000c\000e\000s\000\040\000a\000n\000d\000\040\000t\000h\000e\000i\000r\000\040\000c\000o\000n\000s\000e\000q\000u\000e\000n\000c\000e\000s}{chapter.9}% 41
\BOOKMARK [0][-]{chapter.10}{\376\377\000T\000h\000e\000\040\000p\000o\000l\000e\000\040\000a\000t\000\040\000=\000\040\000-\0002\000\040\000i\000n\000\040\000t\000h\000e\000\040\000H\000e\000a\000d\040\023\000M\000a\000y\000e\000r\000\040\000c\000l\000o\000s\000e\000d\000\040\000f\000o\000r\000m}{part.4}% 42
\BOOKMARK [1][-]{section.10.1}{\376\377\000D\000i\000r\000e\000c\000t\000\040\000n\000u\000m\000e\000r\000i\000c\000a\000l\000\040\000v\000e\000r\000i\000f\000i\000c\000a\000t\000i\000o\000n}{chapter.10}% 43
\BOOKMARK [1][-]{section.10.2}{\376\377\000T\000h\000e\000\040\000g\000e\000o\000m\000e\000t\000r\000i\000c\000\040\000i\000n\000t\000e\000r\000p\000r\000e\000t\000a\000t\000i\000o\000n\000\040\000o\000f\000\040\000t\000h\000e\000\040\000p\000o\000l\000e}{chapter.10}% 44
\BOOKMARK [1][-]{section.10.3}{\376\377\000T\000h\000e\000\040\000p\000o\000s\000i\000t\000i\000o\000n\000\040\000o\000f\000\040\000C\000E\000P\000I\000I\000'\000s\000\040\000c\000h\000o\000i\000c\000e}{chapter.10}% 45
\BOOKMARK [1][-]{section.10.4}{\376\377\000W\000h\000a\000t\000\040\000t\000h\000i\000s\000\040\000i\000m\000p\000l\000i\000e\000s\000\040\000f\000o\000r\000\040\000d\000o\000w\000n\000s\000t\000r\000e\000a\000m\000\040\000g\000r\000a\000v\000i\000t\000y\000\040\000w\000o\000r\000k}{chapter.10}% 46
\BOOKMARK [1][-]{section.10.5}{\376\377\000W\000h\000e\000r\000e\000\040\000P\000a\000r\000t\000\040\000V\000\040\000p\000i\000c\000k\000s\000\040\000u\000p}{chapter.10}% 47
\BOOKMARK [0][-]{appendix*.3}{\376\377\000N\000o\000t\000a\000t\000i\000o\000n\000\040\000k\000e\000y}{part.4}% 48
\BOOKMARK [0][-]{appendix*.4}{\376\377\000R\000e\000f\000e\000r\000e\000n\000c\000e\000s\000\040\000f\000o\000r\000\040\000f\000u\000r\000t\000h\000e\000r\000\040\000r\000e\000a\000d\000i\000n\000g}{part.4}% 49
