\BOOKMARK [0][-]{chapter*.2}{\376\377\000P\000r\000e\000f\000a\000c\000e\000\040\000t\000o\000\040\000V\000o\000l\000u\000m\000e\000\040\0002}{}% 1
\BOOKMARK [-1][-]{part.1}{\376\377\000I\000\040\000N\000u\000m\000e\000r\000i\000c\000a\000l\000\040\000e\000v\000a\000l\000u\000a\000t\000i\000o\000n\000\040\000a\000n\000d\000\040\000r\000e\000g\000u\000l\000a\000r\000i\000z\000a\000t\000i\000o\000n}{}% 2
\BOOKMARK [0][-]{chapter.1}{\376\377\000W\000h\000y\000\040\000d\000i\000s\000c\000r\000e\000t\000i\000z\000a\000t\000i\000o\000n\000\040\000m\000a\000t\000t\000e\000r\000s\000\040\000f\000o\000r\000\040\000d\000i\000v\000e\000r\000g\000e\000n\000t\000\040\000i\000n\000t\000e\000g\000r\000a\000l\000s}{part.1}% 3
\BOOKMARK [1][-]{section.1.1}{\376\377\000T\000h\000e\000\040\000p\000o\000l\000e\000,\000\040\000r\000e\000s\000t\000a\000t\000e\000d}{chapter.1}% 4
\BOOKMARK [1][-]{section.1.2}{\376\377\000T\000h\000e\000\040\000d\000i\000s\000c\000r\000e\000t\000i\000z\000a\000t\000i\000o\000n}{chapter.1}% 5
\BOOKMARK [1][-]{section.1.3}{\376\377\000W\000h\000a\000t\000\040\000t\000h\000e\000\040\000d\000i\000s\000c\000r\000e\000t\000i\000z\000e\000d\000\040\000o\000b\000j\000e\000c\000t\000\040\000m\000e\000a\000s\000u\000r\000e\000s}{chapter.1}% 6
\BOOKMARK [1][-]{section.1.4}{\376\377\000T\000h\000e\000\040\000e\000m\000p\000i\000r\000i\000c\000a\000l\000\040\000s\000w\000e\000e\000p}{chapter.1}% 7
\BOOKMARK [1][-]{section.1.5}{\376\377\000W\000h\000a\000t\000\040\000t\000h\000i\000s\000\040\000i\000m\000p\000l\000i\000e\000s\000\040\000f\000o\000r\000\040\000e\000m\000p\000i\000r\000i\000c\000a\000l\000\040\000p\000r\000a\000c\000t\000i\000c\000e}{chapter.1}% 8
\BOOKMARK [0][-]{chapter.2}{\376\377\000T\000h\000e\000\040\000r\000e\000g\000u\000l\000a\000r\000i\000z\000a\000t\000i\000o\000n\000\040\000s\000w\000e\000e\000p\000\040\000o\000n\000\040\000a\000\040\000u\000n\000i\000f\000o\000r\000m\000\040\000d\000i\000s\000k}{part.1}% 9
\BOOKMARK [1][-]{section.2.1}{\376\377\000S\000e\000t\000u\000p}{chapter.2}% 10
\BOOKMARK [1][-]{section.2.2}{\376\377\000W\000h\000y\000\040\000t\000h\000e\000\040\000r\000e\000s\000u\000l\000t\000\040\000i\000s\000\040\000e\000s\000s\000e\000n\000t\000i\000a\000l\000l\000y\000\040\000l\000i\000n\000e\000a\000r\000\040\000i\000n\000\040\000d\000\040\000a\000t\000\040\000l\000o\000w\000\040\000d}{chapter.2}% 11
\BOOKMARK [1][-]{section.2.3}{\376\377\000W\000h\000a\000t\000\040\000r\000e\000a\000l\000\040\000c\000o\000u\000n\000t\000r\000y\000\040\000p\000o\000l\000y\000g\000o\000n\000s\000\040\000a\000d\000d}{chapter.2}% 12
\BOOKMARK [0][-]{chapter.3}{\376\377\000R\000e\000a\000l\000-\000c\000o\000u\000n\000t\000r\000y\000\040\000p\000o\000l\000y\000g\000o\000n\000s\000\040\000a\000n\000d\000\040\000t\000h\000e\000\040\000M\000o\000l\000l\000w\000e\000i\000d\000e\000\040\000p\000r\000o\000j\000e\000c\000t\000i\000o\000n}{part.1}% 13
\BOOKMARK [1][-]{section.3.1}{\376\377\000W\000h\000y\000\040\000p\000r\000o\000j\000e\000c\000t\000i\000o\000n\000s\000\040\000m\000a\000t\000t\000e\000r\000\040\000f\000o\000r\000\040\000a\000r\000e\000a}{chapter.3}% 14
\BOOKMARK [1][-]{section.3.2}{\376\377\000S\000a\000m\000p\000l\000i\000n\000g\000\040\000a\000t\000o\000m\000s\000\040\000w\000i\000t\000h\000i\000n\000\040\000a\000\040\000r\000e\000a\000l\000\040\000p\000o\000l\000y\000g\000o\000n}{chapter.3}% 15
\BOOKMARK [1][-]{section.3.3}{\376\377\000T\000h\000e\000\040\000c\000o\000u\000n\000t\000r\000y\000-\000b\000y\000-\000c\000o\000u\000n\000t\000r\000y\000\040\000r\000e\000g\000u\000l\000a\000r\000i\000z\000a\000t\000i\000o\000n\000\040\000s\000w\000e\000e\000p}{chapter.3}% 16
\BOOKMARK [-1][-]{part.2}{\376\377\000I\000I\000\040\000R\000e\000a\000l\000-\000d\000a\000t\000a\000\040\000c\000o\000n\000s\000t\000r\000u\000c\000t\000i\000o\000n\000\040\000a\000n\000d\000\040\000t\000h\000e\000\040\000G\000I\000S\000\040\000p\000i\000p\000e\000l\000i\000n\000e}{}% 17
\BOOKMARK [0][-]{chapter.4}{\376\377\000B\000A\000C\000I\000\040\000a\000n\000d\000\040\000t\000h\000e\000\040\000i\000n\000t\000e\000r\000n\000a\000t\000i\000o\000n\000a\000l\000\040\000t\000r\000a\000d\000e\000\040\000p\000a\000n\000e\000l}{part.2}% 18
\BOOKMARK [1][-]{section.4.1}{\376\377\000W\000h\000a\000t\000\040\000B\000A\000C\000I\000\040\000i\000s\000\040\000a\000n\000d\000\040\000w\000h\000y\000\040\000w\000e\000\040\000u\000s\000e\000\040\000i\000t}{chapter.4}% 19
\BOOKMARK [1][-]{section.4.2}{\376\377\000F\000i\000l\000e\000\040\000s\000t\000r\000u\000c\000t\000u\000r\000e\000\040\000o\000n\000\040\000d\000i\000s\000k}{chapter.4}% 20
\BOOKMARK [1][-]{section.4.3}{\376\377\000C\000o\000u\000n\000t\000r\000y\000-\000c\000o\000d\000e\000\040\000m\000a\000p\000p\000i\000n\000g}{chapter.4}% 21
\BOOKMARK [1][-]{section.4.4}{\376\377\000Z\000e\000r\000o\000-\000t\000r\000a\000d\000e\000\040\000r\000o\000w\000s}{chapter.4}% 22
\BOOKMARK [1][-]{section.4.5}{\376\377\000A\000g\000g\000r\000e\000g\000a\000t\000i\000n\000g\000\040\000a\000c\000r\000o\000s\000s\000\040\000H\000S\0006\000\040\000p\000r\000o\000d\000u\000c\000t\000s}{chapter.4}% 23
\BOOKMARK [0][-]{chapter.5}{\376\377\000C\000E\000P\000I\000I\000\040\000G\000r\000a\000v\000i\000t\000y\000\040\000v\0002\0000\0002\0002\0001\0001\000\040\000a\000n\000d\000\040\000t\000h\000e\000\040\000W\000e\000i\000\040\000\050\0001\0009\0009\0006\000\051\000\040\000p\000r\000o\000x\000y}{part.2}% 24
\BOOKMARK [1][-]{section.5.1}{\376\377\000W\000h\000a\000t\000\040\000C\000E\000P\000I\000I\000\040\000G\000r\000a\000v\000i\000t\000y\000\040\000c\000o\000n\000t\000a\000i\000n\000s}{chapter.5}% 25
\BOOKMARK [1][-]{section.5.2}{\376\377\000R\000e\000a\000d\000i\000n\000g\000\040\000t\000h\000e\000\040\000C\000S\000V}{chapter.5}% 26
\BOOKMARK [1][-]{section.5.3}{\376\377\000T\000h\000e\000\040\000W\000e\000i\000\040\000\050\0001\0009\0009\0006\000\051\000\040\000i\000n\000t\000r\000a\000-\000n\000a\000t\000i\000o\000n\000a\000l\000\040\000f\000l\000o\000w\000\040\000p\000r\000o\000x\000y}{chapter.5}% 27
\BOOKMARK [1][-]{section.5.4}{\376\377\000B\000u\000i\000l\000d\000i\000n\000g\000\040\000t\000h\000e\000\040\000i\000n\000t\000r\000a\000-\000n\000a\000t\000i\000o\000n\000a\000l\000\040\000r\000o\000w\000s\000\040\000f\000r\000o\000m\000\040\000C\000E\000P\000I\000I\000\040\000+\000\040\000B\000A\000C\000I}{chapter.5}% 28
\BOOKMARK [1][-]{section.5.5}{\376\377\000W\000h\000y\000\040\000t\000h\000e\000\040\0001\0000\000\040\000s\000u\000r\000v\000i\000v\000i\000n\000g\000\040\000c\000o\000u\000n\000t\000r\000i\000e\000s\000\040\000a\000r\000e\000\040\000l\000a\000r\000g\000e\000\040\000e\000c\000o\000n\000o\000m\000i\000e\000s}{chapter.5}% 29
\BOOKMARK [1][-]{section.5.6}{\376\377\000J\000o\000i\000n\000i\000n\000g\000\040\000B\000A\000C\000I\000\040\000a\000n\000d\000\040\000C\000E\000P\000I\000I\000\040\000i\000n\000t\000o\000\040\000a\000\040\000p\000a\000n\000e\000l}{chapter.5}% 30
\BOOKMARK [0][-]{chapter.6}{\376\377\000P\000o\000p\000u\000l\000a\000t\000i\000o\000n\000\040\000a\000n\000d\000\040\000a\000c\000t\000i\000v\000i\000t\000y\000\040\000r\000a\000s\000t\000e\000r\000s\000:\000\040\000G\000H\000S\000-\000P\000O\000P\000,\000\040\000W\000o\000r\000l\000d\000P\000o\000p\000,\000\040\000V\000I\000I\000R\000S}{part.2}% 31
\BOOKMARK [1][-]{section.6.1}{\376\377\000W\000h\000y\000\040\000r\000a\000s\000t\000e\000r\000s\000\040\000m\000a\000t\000t\000e\000r\000\040\000f\000o\000r\000\040\000i\000n\000t\000r\000a\000-\000n\000a\000t\000i\000o\000n\000a\000l\000\040\000d\000i\000s\000t\000a\000n\000c\000e}{chapter.6}% 32
\BOOKMARK [1][-]{section.6.2}{\376\377\000G\000H\000S\000-\000P\000O\000P\000\040\000\050\000J\000R\000C\000\040\000G\000l\000o\000b\000a\000l\000\040\000H\000u\000m\000a\000n\000\040\000S\000e\000t\000t\000l\000e\000m\000e\000n\000t\000\051}{chapter.6}% 33
\BOOKMARK [1][-]{section.6.3}{\376\377\000W\000o\000r\000l\000d\000P\000o\000p\000\040\000\050\000a\000n\000n\000u\000a\000l\000\040\000u\000p\000d\000a\000t\000e\000s\000\040\0002\0000\0000\0000\000-\0002\0000\0002\0004\000\051}{chapter.6}% 34
\BOOKMARK [1][-]{section.6.4}{\376\377\000V\000I\000I\000R\000S\000\040\000D\000a\000y\000/\000N\000i\000g\000h\000t\000\040\000B\000a\000n\000d\000\040\000\050\000n\000i\000g\000h\000t\000t\000i\000m\000e\000\040\000l\000i\000g\000h\000t\000s\000\051}{chapter.6}% 35
\BOOKMARK [1][-]{section.6.5}{\376\377\000W\000o\000r\000k\000i\000n\000g\000\040\000w\000i\000t\000h\000\040\000r\000a\000s\000t\000e\000r\000s\000\040\000i\000n\000\040\000P\000y\000t\000h\000o\000n}{chapter.6}% 36
\BOOKMARK [1][-]{section.6.6}{\376\377\000W\000h\000a\000t\000\040\000c\000h\000a\000n\000g\000e\000s\000\040\000w\000h\000e\000n\000\040\000y\000o\000u\000\040\000u\000s\000e\000\040\000a\000\040\000r\000a\000s\000t\000e\000r\000\040\000i\000n\000s\000t\000e\000a\000d\000\040\000o\000f\000\040\000C\000E\000P\000I\000I\000'\000s\000\040\000c\000i\000t\000i\000e\000s}{chapter.6}% 37
\BOOKMARK [0][-]{chapter.7}{\376\377\000T\000r\000a\000n\000s\000p\000o\000r\000t\000-\000n\000e\000t\000w\000o\000r\000k\000\040\000d\000i\000s\000t\000a\000n\000c\000e\000:\000\040\000O\000p\000e\000n\000S\000t\000r\000e\000e\000t\000M\000a\000p\000,\000\040\000p\000o\000r\000t\000s\000,\000\040\000a\000n\000d\000\040\000a\000i\000r\000\040\000r\000o\000u\000t\000e\000s}{part.2}% 38
\BOOKMARK [-1][-]{part.3}{\376\377\000I\000I\000I\000\040\000R\000e\000g\000r\000e\000s\000s\000i\000o\000n\000\040\000s\000p\000e\000c\000i\000f\000i\000c\000a\000t\000i\000o\000n}{}% 39
\BOOKMARK [0][-]{chapter.8}{\376\377\000O\000L\000S\000\040\000g\000r\000a\000v\000i\000t\000y\000\040\000w\000i\000t\000h\000\040\000o\000r\000i\000g\000i\000n\000\040\000a\000n\000d\000\040\000d\000e\000s\000t\000i\000n\000a\000t\000i\000o\000n\000\040\000f\000i\000x\000e\000d\000\040\000e\000f\000f\000e\000c\000t\000s}{part.3}% 40
\BOOKMARK [1][-]{section.8.1}{\376\377\000T\000h\000e\000\040\000c\000a\000n\000o\000n\000i\000c\000a\000l\000\040\000s\000p\000e\000c\000i\000f\000i\000c\000a\000t\000i\000o\000n}{chapter.8}% 41
\BOOKMARK [1][-]{section.8.2}{\376\377\000W\000h\000a\000t\000\040\000t\000h\000e\000\040\000F\000E\000\040\000a\000b\000s\000o\000r\000b}{chapter.8}% 42
\BOOKMARK [1][-]{section.8.3}{\376\377\000W\000h\000a\000t\000\040\000t\000h\000e\000\040\000h\000o\000m\000e\000\040\000d\000u\000m\000m\000y\000\040\000i\000d\000e\000n\000t\000i\000f\000i\000e\000s}{chapter.8}% 43
\BOOKMARK [1][-]{section.8.4}{\376\377\000W\000h\000y\000\040\000\040\000h\000a\000s\000\040\000h\000i\000g\000h\000\040\000v\000a\000r\000i\000a\000n\000c\000e\000\040\000w\000i\000t\000h\000\040\000s\000m\000a\000l\000l\000\040\000n\000i\000n\000t\000r\000a}{chapter.8}% 44
\BOOKMARK [1][-]{section.8.5}{\376\377\000T\000h\000e\000\040\000c\000a\000s\000e\000\040\000f\000o\000r\000\040\000a\000n\000d\000\040\000a\000g\000a\000i\000n\000s\000t\000\040\000O\000L\000S}{chapter.8}% 45
\BOOKMARK [0][-]{chapter.9}{\376\377\000T\000h\000e\000\040\000p\000e\000r\000f\000e\000c\000t\000-\000c\000o\000l\000l\000i\000n\000e\000a\000r\000i\000t\000y\000\040\000t\000r\000a\000p\000:\000\040\000l\000o\000g\000-\000G\000D\000P\000\040\000r\000e\000g\000r\000e\000s\000s\000o\000r\000s\000\040\000a\000n\000d\000\040\000c\000o\000u\000n\000t\000r\000y\000\040\000F\000E}{part.3}% 46
\BOOKMARK [1][-]{section.9.1}{\376\377\000T\000h\000e\000\040\000b\000u\000g}{chapter.9}% 47
\BOOKMARK [1][-]{section.9.2}{\376\377\000T\000h\000e\000\040\000d\000i\000a\000g\000n\000o\000s\000i\000s}{chapter.9}% 48
\BOOKMARK [1][-]{section.9.3}{\376\377\000T\000h\000e\000\040\000f\000i\000x}{chapter.9}% 49
\BOOKMARK [1][-]{section.9.4}{\376\377\000G\000e\000n\000e\000r\000a\000l\000i\000z\000a\000t\000i\000o\000n\000s}{chapter.9}% 50
\BOOKMARK [0][-]{chapter.10}{\376\377\000P\000o\000i\000s\000s\000o\000n\000\040\000P\000M\000L\000\040\000a\000n\000d\000\040\000t\000h\000e\000\040\000S\000i\000l\000v\000a\000-\000T\000e\000n\000r\000e\000y\000r\000o\000\040\000\050\0002\0000\0000\0006\000\051\000\040\000z\000e\000r\000o\000-\000t\000r\000a\000d\000e\000\040\000p\000r\000o\000b\000l\000e\000m}{part.3}% 51
\BOOKMARK [1][-]{section.10.1}{\376\377\000W\000h\000a\000t\000\040\000S\000i\000l\000v\000a\000-\000T\000e\000n\000r\000e\000y\000r\000o\000\040\000\050\0002\0000\0000\0006\000\051\000\040\000s\000h\000o\000w\000e\000d}{chapter.10}% 52
\BOOKMARK [1][-]{section.10.2}{\376\377\000W\000h\000a\000t\000\040\000P\000P\000M\000L\000\040\000e\000s\000t\000i\000m\000a\000t\000e\000s}{chapter.10}% 53
\BOOKMARK [1][-]{section.10.3}{\376\377\000T\000h\000e\000\040\000h\000o\000m\000e\000\040\000c\000o\000e\000f\000f\000i\000c\000i\000e\000n\000t\000\040\000u\000n\000d\000e\000r\000\040\000P\000P\000M\000L\000\040\000v\000e\000r\000s\000u\000s\000\040\000O\000L\000S}{chapter.10}% 54
\BOOKMARK [1][-]{section.10.4}{\376\377\000P\000P\000M\000L\000\040\000i\000n\000\040\000s\000t\000a\000t\000s\000m\000o\000d\000e\000l\000s}{chapter.10}% 55
\BOOKMARK [1][-]{section.10.5}{\376\377\000W\000h\000y\000\040\000t\000h\000i\000s\000\040\000m\000a\000t\000t\000e\000r\000s\000\040\000f\000o\000r\000\040\000P\000a\000p\000e\000r\000\040\0005\000a}{chapter.10}% 56
\BOOKMARK [0][-]{chapter.11}{\376\377\000P\000a\000i\000r\000-\000y\000e\000a\000r\000\040\000f\000i\000x\000e\000d\000\040\000e\000f\000f\000e\000c\000t\000s\000:\000\040\000t\000h\000e\000\040\000Y\000P\000M\000M\000\040\000c\000o\000o\000k\000b\000o\000o\000k}{part.3}% 57
\BOOKMARK [-1][-]{part.4}{\376\377\000I\000V\000\040\000T\000h\000e\000\040\000e\000m\000p\000i\000r\000i\000c\000a\000l\000\040\000r\000e\000s\000u\000l\000t\000s\000:\000\040\000S\000p\000e\000c\000\040\000B\000-\000p\000r\000i\000m\000e\000\040\000a\000n\000d\000\040\000t\000h\000e\000\040\000r\000e\000g\000u\000l\000a\000r\000i\000z\000a\000t\000i\000o\000n\000\040\000s\000w\000e\000e\000p}{}% 58
\BOOKMARK [0][-]{chapter.12}{\376\377\000S\000p\000e\000c\000\040\000A\000\040\000b\000a\000s\000e\000l\000i\000n\000e\000:\000\040\000r\000e\000p\000l\000i\000c\000a\000t\000i\000n\000g\000\040\000t\000h\000e\000\040\000M\000c\000C\000a\000l\000l\000u\000m\000-\000A\000v\000W\000\040\000f\000i\000n\000d\000i\000n\000g}{part.4}% 59
\BOOKMARK [0][-]{chapter.13}{\376\377\000S\000p\000e\000c\000\040\000B\000-\000p\000r\000i\000m\000e\000:\000\040\000t\000h\000e\000\040\000r\000e\000g\000u\000l\000a\000r\000i\000z\000a\000t\000i\000o\000n\000\040\000s\000w\000e\000e\000p\000\040\000r\000e\000s\000u\000l\000t\000s}{part.4}% 60
\BOOKMARK [1][-]{section.13.1}{\376\377\000W\000h\000a\000t\000\040\000S\000p\000e\000c\000\040\000B\000-\000p\000r\000i\000m\000e\000\040\000t\000e\000s\000t\000s}{chapter.13}% 61
\BOOKMARK [1][-]{section.13.2}{\376\377\000T\000h\000e\000\040\000f\000u\000l\000l\000\040\0002\0000\0001\0000\000\040\000s\000w\000e\000e\000p\000\040\000r\000e\000s\000u\000l\000t\000s}{chapter.13}% 62
\BOOKMARK [1][-]{section.13.3}{\376\377\000T\000h\000r\000e\000e\000\040\000o\000b\000s\000e\000r\000v\000a\000t\000i\000o\000n\000s}{chapter.13}% 63
\BOOKMARK [1][-]{section.13.4}{\376\377\000C\000r\000o\000s\000s\000-\000y\000e\000a\000r\000\040\000r\000o\000b\000u\000s\000t\000n\000e\000s\000s}{chapter.13}% 64
\BOOKMARK [0][-]{chapter.14}{\376\377\000C\000r\000o\000s\000s\000-\000y\000e\000a\000r\000\040\000s\000t\000a\000b\000i\000l\000i\000t\000y\000\040\000a\000n\000d\000\040\000t\000h\000e\000\040\000s\000m\000a\000l\000l\000-\000N\000\040\000i\000n\000t\000r\000a\000\040\000i\000s\000s\000u\000e}{part.4}% 65
\BOOKMARK [0][-]{chapter.15}{\376\377\000T\000h\000e\000\040\000q\000u\000a\000l\000i\000t\000a\000t\000i\000v\000e\000\040\000f\000i\000n\000d\000i\000n\000g\000:\000\040\000h\000o\000m\000e\000\040\000c\000o\000e\000f\000f\000i\000c\000i\000e\000n\000t\000\040\000a\000s\000\040\000a\000\040\000r\000e\000g\000u\000l\000a\000r\000i\000z\000a\000t\000i\000o\000n\000\040\000a\000r\000t\000i\000f\000a\000c\000t}{part.4}% 66
\BOOKMARK [-1][-]{part.5}{\376\377\000V\000\040\000F\000o\000r\000w\000a\000r\000d\000\040\000p\000a\000t\000h}{}% 67
\BOOKMARK [0][-]{chapter.16}{\376\377\000A\000n\000d\000e\000r\000s\000o\000n\000-\000Y\000o\000t\000o\000v\000\040\000m\000u\000l\000t\000i\000l\000a\000t\000e\000r\000a\000l\000\040\000r\000e\000s\000i\000s\000t\000a\000n\000c\000e\000\040\000o\000v\000e\000r\000\040\000t\000i\000m\000e}{part.5}% 68
\BOOKMARK [0][-]{chapter.17}{\376\377\000S\000e\000c\000t\000o\000r\000a\000l\000\040\000a\000n\000d\000\040\000p\000a\000i\000r\000-\000y\000e\000a\000r\000\040\000F\000E\000\040\000s\000p\000e\000c\000i\000f\000i\000c\000a\000t\000i\000o\000n\000s}{part.5}% 69
\BOOKMARK [0][-]{chapter.18}{\376\377\000W\000e\000l\000f\000a\000r\000e\000\040\000c\000o\000u\000n\000t\000e\000r\000f\000a\000c\000t\000u\000a\000l\000s\000\040\000w\000h\000e\000n\000\040\000d\000i\000i\000\040\000d\000o\000e\000s\000\040\000n\000o\000t\000\040\000e\000x\000i\000s\000t}{part.5}% 70
\BOOKMARK [0][-]{chapter.19}{\376\377\000W\000h\000a\000t\000\040\000a\000n\000\040\000h\000o\000n\000e\000s\000t\000\040\000g\000r\000a\000v\000i\000t\000y\000\040\000l\000i\000t\000e\000r\000a\000t\000u\000r\000e\000\040\000w\000o\000u\000l\000d\000\040\000d\000o}{part.5}% 71
\BOOKMARK [0][-]{appendix.A}{\376\377\000N\000o\000t\000a\000t\000i\000o\000n\000\040\000k\000e\000y\000\040\000\050\000V\000o\000l\000u\000m\000e\000\040\0002\000\040\000a\000d\000d\000i\000t\000i\000o\000n\000s\000\051}{part.5}% 72
\BOOKMARK [0][-]{appendix.B}{\376\377\000C\000o\000d\000e\000\040\000l\000i\000s\000t\000i\000n\000g\000s\000\040\000i\000n\000d\000e\000x}{part.5}% 73
